// Jest Snapshot v1, https://goo.gl/fbAQLP

exports[`AddFeedback renders properly 1`] = `
<div>
  <div
    class="bg-white flex flex-col rounded-lg p-6 h-fit w-full"
  >
    <h1
      class="text-dark-blue text-2xl font-bold"
    >
      Create New Feedback
    </h1>
    <div
      class="mt-4"
    >
      <p
        class="text-dark-blue text-sm font-bold"
      >
        Feedback Title
      </p>
      <p
        class="text-dark-blue text-sm"
      >
        Add a short, descriptive headline
      </p>
      <input
        class="bg-light-grey p-2 w-full outline-none rounded-lg mt-4"
        data-testid="title"
        id="title"
        name="title"
        value=""
      />
    </div>
    <div
      class="mt-8"
    >
      <p
        class="text-dark-blue text-sm font-bold"
      >
        Category
      </p>
      <p
        class="text-dark-blue text-sm"
      >
        Choose a category for you feedback
      </p>
      <div
        class="relative inline-block text-left w-full bg-light-grey mt-4 rounded-lg"
      >
        <div>
          <button
            aria-expanded="false"
            aria-haspopup="true"
            class="-z-10 inline-flex w-full rounded-md px-4 py-2 font-medium text-light-blue hover:text-fuchsia-400 justify-between"
            data-testid="category"
            id="headlessui-menu-button-:r0:"
            type="button"
          >
            UI
            <svg
              aria-hidden="true"
              class="-mr-1 h-5 w-5 ease-linear duration-150 text-light-blue"
              fill="currentColor"
              viewBox="0 0 20 20"
              xmlns="http://www.w3.org/2000/svg"
            >
              <path
                clip-rule="evenodd"
                d="M5.293 7.293a1 1 0 011.414 0L10 10.586l3.293-3.293a1 1 0 111.414 1.414l-4 4a1 1 0 01-1.414 0l-4-4a1 1 0 010-1.414z"
                fill-rule="evenodd"
              />
            </svg>
          </button>
        </div>
      </div>
    </div>
    <div
      class="mt-8"
    >
      <p
        class="text-dark-blue text-sm font-bold"
      >
        Feedback Detail
      </p>
      <p
        class="text-dark-blue text-sm"
      >
        Include any specific comments on what should be improved, added, etc.
      </p>
      <textarea
        class="bg-light-grey p-2 resize-none w-full outline-none rounded-lg mt-4 h-32"
        data-testid="detail"
        id="detail"
        name="detail"
      />
    </div>
    <div
      class="flex flex-col-reverse md:flex-row md:justify-end mt-10"
    >
      <a
        href="/"
      >
        <div
          class="rounded-xl p-2 md:p-3 mt-3 md:mt-0 md:px-6 bg-dark-blue w-content flex items-center justify-center hover:bg-light-blue cursor-pointer"
        >
          <p
            class="text-white font-bold text-sm"
          >
            Cancel
          </p>
        </div>
      </a>
      <div
        class="rounded-xl p-2 md:p-3 bg-fuchsia-500 w-content md:ml-3 flex items-center justify-center hover:bg-fuchsia-400 cursor-pointer"
        data-testid="addFeedback"
      >
        <p
          class="text-white font-bold text-sm"
        >
          Add Feedback
        </p>
      </div>
    </div>
  </div>
</div>
`;
